FILE_TYPE=LIBRARY_PARTS;
PRIMITIVE 'SF_1206HHA800R_2','SF_1206HHA800R_2_Other';
  PIN
    '1':
      PIN_NUMBER='(1)';
      NO_LOAD_CHECK=BOTH;
      NO_IO_CHECK=BOTH;
      ALLOW_CONNECT=TRUE;
      PINUSE='UNSPEC';
    '2':
      PIN_NUMBER='(2)';
      NO_LOAD_CHECK=BOTH;
      NO_IO_CHECK=BOTH;
      ALLOW_CONNECT=TRUE;
      PINUSE='UNSPEC';
  END_PIN;
  BODY
    PART_NAME='SF_1206HHA800R_2';
    PHYS_DES_PREFIX='F';
    NO_LOAD_CHECK='TRUE';
    PIN_COUNT='2';
    BODY_NAME='SF_1206HHA800R_2';
    JEDEC_TYPE='SF1206HHA800R2';
  END_BODY;
END_PRIMITIVE;
END.
